2024-09-20|cs-24-sw-3-09@student.aau.dk;cs-24-sw-3-05@student.aau.dk;treo@fklub.dk|treo@fklub.dk|Duksegruppe|GROUP=cs-24-sw-3-09 og cs-24-sw-3-05;WEEK=39;CODE=8235
2024-09-27|cs-24-sw-3-14@student.aau.dk;cs-24-dat-3-02@student.aau.dk;treo@fklub.dk|treo@fklub.dk|Duksegruppe|GROUP=cs-24-sw-3-14 og cs-24-dat-3-02;WEEK=40;CODE=1324
2024-10-04|cs-24-sw-3-06@student.aau.dk;cs-24-sw-3-01@student.aau.dk;treo@fklub.dk|treo@fklub.dk|Duksegruppe|GROUP=cs-24-sw-3-06 og cs-24-sw-3-01;WEEK=41;CODE=7964
2024-10-11|cs-24-dat-3-05@student.aau.dk;cs-24-dat-3-01@student.aau.dk;treo@fklub.dk|treo@fklub.dk|Duksegruppe|GROUP=cs-24-dat-3-05 og cs-24-dat-3-01;WEEK=42;CODE=9838
2024-10-18|cs-24-sw-3-02@student.aau.dk;cs-24-sw-3-16@student.aau.dk;treo@fklub.dk|treo@fklub.dk|Duksegruppe|GROUP=cs-24-sw-3-02 og cs-24-sw-3-16;WEEK=43;CODE=6486
2024-10-25|cs-24-sw-3-07@student.aau.dk;cs-24-sw-3-03@student.aau.dk;treo@fklub.dk|treo@fklub.dk|Duksegruppe|GROUP=cs-24-sw-3-07 og cs-24-sw-3-03;WEEK=44;CODE=5489
2024-11-01|cs-24-dat-3-04@student.aau.dk;cs-24-sw-3-04@student.aau.dk;treo@fklub.dk|treo@fklub.dk|Duksegruppe|GROUP=cs-24-dat-3-04 og cs-24-sw-3-04;WEEK=45;CODE=5713
2024-11-08|cs-24-sw-3-13@student.aau.dk;cs-24-sw-3-15@student.aau.dk;treo@fklub.dk|treo@fklub.dk|Duksegruppe|GROUP=cs-24-sw-3-13 og cs-24-sw-3-15;WEEK=46;CODE=3502
2024-11-15|cs-24-sw-3-12@student.aau.dk;cs-24-sw-3-10@student.aau.dk;treo@fklub.dk|treo@fklub.dk|Duksegruppe|GROUP=cs-24-sw-3-12 og cs-24-sw-3-10;WEEK=47;CODE=8588
2024-11-22|cs-24-sw-3-11@student.aau.dk;cs-24-dat-3-03@student.aau.dk;treo@fklub.dk|treo@fklub.dk|Duksegruppe|GROUP=cs-24-sw-3-11 og cs-24-dat-3-03;WEEK=48;CODE=6032
2024-11-29|cs-24-sw-3-08@student.aau.dk;cs-24-sw-3-09@student.aau.dk;treo@fklub.dk|treo@fklub.dk|Duksegruppe|GROUP=cs-24-sw-3-08 og cs-24-sw-3-09;WEEK=49;CODE=8221
2024-12-06|cs-24-sw-3-05@student.aau.dk;cs-24-sw-3-14@student.aau.dk;treo@fklub.dk|treo@fklub.dk|Duksegruppe|GROUP=cs-24-sw-3-05 og cs-24-sw-3-14;WEEK=50;CODE=1472
2024-12-13|cs-24-dat-3-02@student.aau.dk;cs-24-sw-3-06@student.aau.dk;treo@fklub.dk|treo@fklub.dk|Duksegruppe|GROUP=cs-24-dat-3-02 og cs-24-sw-3-06;WEEK=51;CODE=7249